[20:04:35] (2/35) inv_ttc_raw_s1 train
[20:04:35] (1/35) sparse_raw_s1 train
[20:04:35] (2/35) inv_ttc_raw_s1 eval
[20:04:35] (1/35) sparse_raw_s1 eval
[20:32:17] (3/35) neg_tts_margin_raw_s1 train
[20:38:45] (4/35) pora_raw_s1 train
[20:32:17] (3/35) neg_tts_margin_raw_s1 eval
[21:07:13] (5/35) inv_ttc_pbrs_s1 train
[20:38:45] (4/35) pora_raw_s1 eval
[21:20:04] (6/35) neg_tts_margin_pbrs_s1 train
[21:07:13] (5/35) inv_ttc_pbrs_s1 eval
[21:31:39] (7/35) pora_pbrs_s1 train
[21:20:04] (6/35) neg_tts_margin_pbrs_s1 eval
[21:43:41] (8/35) sparse_raw_s2 train
[21:31:39] (7/35) pora_pbrs_s1 eval
[22:00:48] (9/35) inv_ttc_raw_s2 train
[21:43:41] (8/35) sparse_raw_s2 eval
[22:07:08] (10/35) neg_tts_margin_raw_s2 train
[22:00:48] (9/35) inv_ttc_raw_s2 eval
[22:07:08] (10/35) neg_tts_margin_raw_s2 eval
[22:29:20] (11/35) pora_raw_s2 train
[22:35:07] (12/35) inv_ttc_pbrs_s2 train
[22:35:07] (12/35) inv_ttc_pbrs_s2 eval
[22:59:42] (13/35) neg_tts_margin_pbrs_s2 train
[22:29:20] (11/35) pora_raw_s2 eval
[23:07:12] (14/35) pora_pbrs_s2 train
[22:59:42] (13/35) neg_tts_margin_pbrs_s2 eval
[23:23:21] (15/35) sparse_raw_s3 train
[23:07:12] (14/35) pora_pbrs_s2 eval
[23:38:29] (16/35) inv_ttc_raw_s3 train
[23:23:21] (15/35) sparse_raw_s3 eval
[23:47:05] (17/35) neg_tts_margin_raw_s3 train
[23:38:29] (16/35) inv_ttc_raw_s3 eval
[00:06:01] (18/35) pora_raw_s3 train
[23:47:05] (17/35) neg_tts_margin_raw_s3 eval
[00:14:56] (19/35) inv_ttc_pbrs_s3 train
[00:06:01] (18/35) pora_raw_s3 eval
[00:14:56] (19/35) inv_ttc_pbrs_s3 eval
[00:37:22] (20/35) neg_tts_margin_pbrs_s3 train
[00:39:20] (21/35) pora_pbrs_s3 train
[00:37:22] (20/35) neg_tts_margin_pbrs_s3 eval
[00:59:50] (22/35) sparse_raw_s4 train
[00:39:20] (21/35) pora_pbrs_s3 eval
[01:07:43] (23/35) inv_ttc_raw_s4 train
[00:59:50] (22/35) sparse_raw_s4 eval
[01:22:08] (24/35) neg_tts_margin_raw_s4 train
[01:07:43] (23/35) inv_ttc_raw_s4 eval
[01:34:46] (25/35) pora_raw_s4 train
[01:22:08] (24/35) neg_tts_margin_raw_s4 eval
[01:49:19] (26/35) inv_ttc_pbrs_s4 train
[01:34:46] (25/35) pora_raw_s4 eval
[02:08:09] (27/35) neg_tts_margin_pbrs_s4 train
[01:49:19] (26/35) inv_ttc_pbrs_s4 eval
[02:11:15] (28/35) pora_pbrs_s4 train
[02:08:09] (27/35) neg_tts_margin_pbrs_s4 eval
[02:30:22] (29/35) sparse_raw_s5 train
[02:11:15] (28/35) pora_pbrs_s4 eval
[02:40:16] (30/35) inv_ttc_raw_s5 train
[02:30:22] (29/35) sparse_raw_s5 eval
[02:56:37] (31/35) neg_tts_margin_raw_s5 train
[02:40:16] (30/35) inv_ttc_raw_s5 eval
[03:17:10] (32/35) pora_raw_s5 train
[02:56:37] (31/35) neg_tts_margin_raw_s5 eval
[03:32:58] (33/35) inv_ttc_pbrs_s5 train
[03:17:10] (32/35) pora_raw_s5 eval
[03:56:50] (34/35) neg_tts_margin_pbrs_s5 train
[03:32:58] (33/35) inv_ttc_pbrs_s5 eval
[03:58:18] (35/35) pora_pbrs_s5 train
[03:56:50] (34/35) neg_tts_margin_pbrs_s5 eval
[03:58:18] (35/35) pora_pbrs_s5 eval
[04:25:51] random-OU baseline

[04:26:57] M2 batch finished in 8.4 h; 0 failed
