[12:06:39] (1/35) sparse_raw_s1 train
[12:06:39] (2/35) inv_ttc_raw_s1 train
[12:06:39] (2/35) inv_ttc_raw_s1 eval
[12:06:39] (1/35) sparse_raw_s1 eval
[12:30:57] (3/35) neg_tts_margin_raw_s1 train
[12:35:55] (4/35) pora_raw_s1 train
[12:30:57] (3/35) neg_tts_margin_raw_s1 eval
[12:59:00] (5/35) inv_ttc_pbrs_s1 train
[12:35:55] (4/35) pora_raw_s1 eval
[13:11:55] (6/35) neg_tts_margin_pbrs_s1 train
[12:59:00] (5/35) inv_ttc_pbrs_s1 eval
[13:23:28] (7/35) pora_pbrs_s1 train
[13:11:55] (6/35) neg_tts_margin_pbrs_s1 eval
[13:35:31] (8/35) sparse_raw_s2 train
[13:23:28] (7/35) pora_pbrs_s1 eval
[13:54:12] (9/35) inv_ttc_raw_s2 train
[13:35:31] (8/35) sparse_raw_s2 eval
[13:59:31] (10/35) neg_tts_margin_raw_s2 train
[13:54:12] (9/35) inv_ttc_raw_s2 eval
[13:59:31] (10/35) neg_tts_margin_raw_s2 eval
[14:25:02] (11/35) pora_raw_s2 train
[14:29:37] (12/35) inv_ttc_pbrs_s2 train
[14:29:37] (12/35) inv_ttc_pbrs_s2 eval
[14:53:09] (13/35) neg_tts_margin_pbrs_s2 train
[14:25:02] (11/35) pora_raw_s2 eval
[15:14:18] (14/35) pora_pbrs_s2 train
[14:53:09] (13/35) neg_tts_margin_pbrs_s2 eval
[15:33:56] (15/35) sparse_raw_s3 train
[15:14:18] (14/35) pora_pbrs_s2 eval
[15:54:19] (16/35) inv_ttc_raw_s3 train
[15:33:56] (15/35) sparse_raw_s3 eval
[16:04:49] (17/35) neg_tts_margin_raw_s3 train
[15:54:19] (16/35) inv_ttc_raw_s3 eval
[16:28:15] (18/35) pora_raw_s3 train
[16:04:49] (17/35) neg_tts_margin_raw_s3 eval
[16:37:07] (19/35) inv_ttc_pbrs_s3 train
[16:28:15] (18/35) pora_raw_s3 eval
[16:37:07] (19/35) inv_ttc_pbrs_s3 eval
[17:00:09] (20/35) neg_tts_margin_pbrs_s3 train
[17:03:31] (21/35) pora_pbrs_s3 train
[17:00:09] (20/35) neg_tts_margin_pbrs_s3 eval
[17:23:33] (22/35) sparse_raw_s4 train
[17:03:31] (21/35) pora_pbrs_s3 eval
[17:43:26] (23/35) inv_ttc_raw_s4 train
[17:23:33] (22/35) sparse_raw_s4 eval
[18:37:13] (24/35) neg_tts_margin_raw_s4 train
[17:43:26] (23/35) inv_ttc_raw_s4 eval
[19:01:00] (25/35) pora_raw_s4 train
[18:37:13] (24/35) neg_tts_margin_raw_s4 eval
[19:14:47] (26/35) inv_ttc_pbrs_s4 train
[19:01:00] (25/35) pora_raw_s4 eval
