[04:31:47] (1/49) sparse_raw_s1 skip (complete)
[04:31:47] (2/49) inv_ttc_raw_s1 skip (complete)
[04:31:47] (3/49) neg_tts_margin_raw_s1 skip (complete)
[04:31:47] (4/49) pora_raw_s1 skip (complete)
[04:31:47] (5/49) inv_ttc_pbrs_s1 skip (complete)
[04:31:47] (6/49) neg_tts_margin_pbrs_s1 skip (complete)
[04:31:47] (7/49) pora_pbrs_s1 skip (complete)
[04:31:47] (8/49) sparse_raw_s2 skip (complete)
[04:31:47] (9/49) inv_ttc_raw_s2 skip (complete)
[04:31:47] (10/49) neg_tts_margin_raw_s2 skip (complete)
[04:31:47] (11/49) pora_raw_s2 skip (complete)
[04:31:47] (12/49) inv_ttc_pbrs_s2 skip (complete)
[04:31:47] (14/49) pora_pbrs_s2 skip (complete)
[04:31:47] (15/49) sparse_raw_s3 skip (complete)
[04:31:47] (16/49) inv_ttc_raw_s3 skip (complete)
[04:31:47] (17/49) neg_tts_margin_raw_s3 skip (complete)
[04:31:47] (18/49) pora_raw_s3 skip (complete)
[04:31:47] (19/49) inv_ttc_pbrs_s3 skip (complete)
[04:31:47] (13/49) neg_tts_margin_pbrs_s2 skip (complete)
[04:31:47] (21/49) pora_pbrs_s3 skip (complete)
[04:31:47] (22/49) sparse_raw_s4 skip (complete)
[04:31:47] (23/49) inv_ttc_raw_s4 skip (complete)
[04:31:47] (24/49) neg_tts_margin_raw_s4 skip (complete)
[04:31:47] (25/49) pora_raw_s4 skip (complete)
[04:31:47] (20/49) neg_tts_margin_pbrs_s3 skip (complete)
[04:31:47] (26/49) inv_ttc_pbrs_s4 skip (complete)
[04:31:47] (27/49) neg_tts_margin_pbrs_s4 skip (complete)
[04:31:47] (28/49) pora_pbrs_s4 skip (complete)
[04:31:47] (30/49) inv_ttc_raw_s5 skip (complete)
[04:31:47] (29/49) sparse_raw_s5 skip (complete)
[04:31:47] (31/49) neg_tts_margin_raw_s5 skip (complete)
[04:31:47] (32/49) pora_raw_s5 skip (complete)
[04:31:47] (33/49) inv_ttc_pbrs_s5 skip (complete)
[04:31:47] (34/49) neg_tts_margin_pbrs_s5 skip (complete)
[04:31:47] (35/49) pora_pbrs_s5 skip (complete)
[04:31:47] (36/49) sparse_raw_s6 train
[04:31:47] (37/49) inv_ttc_raw_s6 train
[04:31:47] (37/49) inv_ttc_raw_s6 eval
[04:31:47] (36/49) sparse_raw_s6 eval
[04:53:44] (38/49) neg_tts_margin_raw_s6 train
[04:57:58] (39/49) pora_raw_s6 train
[04:53:44] (38/49) neg_tts_margin_raw_s6 eval
[05:21:09] (40/49) inv_ttc_pbrs_s6 train
[04:57:58] (39/49) pora_raw_s6 eval
[05:31:30] (41/49) neg_tts_margin_pbrs_s6 train
[05:21:09] (40/49) inv_ttc_pbrs_s6 eval
[05:43:46] (42/49) pora_pbrs_s6 train
[05:31:30] (41/49) neg_tts_margin_pbrs_s6 eval
[05:54:01] (43/49) sparse_raw_s7 train
[05:43:46] (42/49) pora_pbrs_s6 eval
[06:12:42] (44/49) inv_ttc_raw_s7 train
[05:54:01] (43/49) sparse_raw_s7 eval
[06:16:38] (45/49) neg_tts_margin_raw_s7 train
[06:12:42] (44/49) inv_ttc_raw_s7 eval
[06:16:38] (45/49) neg_tts_margin_raw_s7 eval
[07:29:47] (46/49) pora_raw_s7 train
[07:43:16] (47/49) inv_ttc_pbrs_s7 train
[07:43:16] (47/49) inv_ttc_pbrs_s7 eval
[08:43:02] (48/49) neg_tts_margin_pbrs_s7 train
[07:29:47] (46/49) pora_raw_s7 eval
[08:52:27] (49/49) pora_pbrs_s7 train
[08:43:02] (48/49) neg_tts_margin_pbrs_s7 eval
[08:52:27] (49/49) pora_pbrs_s7 eval

[09:38:47] M2 batch finished in 5.1 h; 0 failed
